task:
  name: script instruction with single command
  container:
    cpu: 2
    memory: 4096
  single_script:
    - echo "step 1"
task:
  name: script instruction with multiple commands
  container:
    cpu: 2
    memory: 4096
  multiple_script:
    - echo "step 1"
    - echo "step 2"
