task:
  name: basic artifacts instruction
  container:
    cpu: 2
    memory: 4096
  junit_artifacts:
    path: junit.xml
task:
  name: artifacts instruction with type and format
  container:
    cpu: 2
    memory: 4096
  junit_artifacts:
    path: junit.xml
    type: text/xml
    format: junit
